publiccodeYmlVersion: "0.2"
name: Medusa
applicationSuite: MegaProductivitySuite
url: https://github.com/italia/developers.italia.it.git
landingURL: https://developers.italia.it
isBasedOn:
- https://github.com/italia/developers.italia.it.git
softwareVersion: "1.0"
releaseDate: "2017-04-15"
logo: tests/img/logo.png
monochromeLogo: tests/img/logo-mono.svg
platforms:
- android
- ios
categories:
- cloud-management
usedBy:
- Comune di Firenze
- Comune di Roma
roadmap: https://designers.italia.it/roadmap/
developmentStatus: development
softwareType: standalone/other
intendedAudience:
  countries:
  - it
  - de
  unsupportedCountries:
  - us
description:
  en:
    localisedName: Medusa
    genericName: Text Editor
    shortDescription: A really interesting software.
    longDescription: |
      Very long description of this software, also split on multiple rows. You should note what the software is and why one should need it. This is 158 characters. Very long description of this software, also split on multiple rows. You should note what the software is and why one should need it. This is 316 characters. Very long description of this software, also split on multiple rows. You should note what the software is and why one should need it. This is 474 characters. Very long description of this software, also split on multiple rows. You should note what the software is and why one should need it. This is 632 characters.
    documentation: https://docs.italia.it
    apiDocumentation: https://developers.italia.it/it/api
    features:
    - Very important feature
    - Will run without a problem
    - Has zero bugs
    - Solves all the problems of the world
    screenshots:
    - tests/img/sshot1.png
    - tests/img/sshot2.png
    - tests/img/sshot3.png
    videos:
    - https://www.youtube.com/watch?v=RaHmGbBOP84
    awards:
    - 1st Price Software of the year
  it:
    localisedName: Medusa
    genericName: Text Editor
    shortDescription: Un software veramente interessante.
legal:
  license: AGPL-3.0-or-later
  mainCopyrightOwner: City of Chicago
  repoOwner: City of Chicago
  authorsFile: tests/AUTHORS
maintenance:
  type: contract
  contractors:
  - name: Fornitore Privato SPA
    website: https://developers.italia.it
    until: "2019-01-01"
  contacts:
  - name: Francesco Rossi
    email: francesco.rossi@comune.reggioemilia.it
    affiliation: Comune di Reggio Emilia
    phone: +39 231 13215112
  - name: Dario Bianchi
    email: dario.bianchi@fornitore.it
    affiliation: Fornitore Privato S.P.A.
    phone: +39 16 24231322
  - name: Giancarlo Verdi
    email: dario.bianchi@fornitore.it
    affiliation: Fornitore Privato S.P.A.
    phone: +39 16 24231322
localisation:
  localisationReady: true
  availableLanguages:
  - en
  - it
  - fr
  - de
dependsOn:
  open:
  - name: MySQL
    versionMin: "1.1"
    versionMax: "1.3"
    optional: true
    version: ""
  - name: PostgreSQL
    versionMin: ""
    versionMax: ""
    optional: true
    version: "3.2"
  proprietary:
  - name: Oracle
    versionMin: "11.4"
    versionMax: ""
    optional: false
    version: ""
  - name: IBM SoftLayer
    versionMin: ""
    versionMax: ""
    optional: false
    version: ""
  hardware:
  - name: NFC Reader
    versionMin: ""
    versionMax: ""
    optional: true
    version: ""
it:
  countryExtensionVersion: "0.2"
  conforme:
    lineeGuidaDesign: true
    modelloInteroperabilita: true
    misureMinimeSicurezza: true
    gdpr: true
  riuso:
    codiceIPA: c_h501
  piattaforme:
    spid: true
    pagopa: true
    cie: true
    anpr: true
